05.12 12:01:02:791 [RLS1] Запуск. Тип: Воронеж-ДМ, X=6150000 Y=3700000, Азимут=270°, Угол=200°
05.12 12:01:03:041 Обнаружена цель ID:659439b (6487864, 1581165)
05.12 12:01:03:146 Обнаружена цель ID:fb1cc8b (4014621, 6370079)
05.12 12:01:03:254 Обнаружена цель ID:2893b0b (5079830, 7045616)
05.12 12:01:03:327 Обнаружена цель ID:2ed6bcr (4438178, 4324724)
05.12 12:01:03:401 Обнаружена цель ID:171f90r (5307816, 3375208)
05.12 12:01:03:467 Обнаружена цель ID:b86b15r (2198576, 3883750)
05.12 12:01:03:548 Обнаружена цель ID:00b584r (2217189, 3610747)
05.12 12:01:03:622 Обнаружена цель ID:389cadb (2309762, 3933822)
05.12 12:01:03:957 detected ID:659439b первая засечка
05.12 12:01:04:158 detected ID:fb1cc8b первая засечка
05.12 12:01:04:828 detected ID:2893b0b первая засечка
05.12 12:01:05:119 detected ID:2ed6bcr первая засечка
05.12 12:01:05:298 detected ID:171f90r первая засечка
05.12 12:01:05:337 Обнаружена цель ID:07d2fdb (5963672, 5162102)
05.12 12:01:05:435 Обнаружена цель ID:6abc0er (6139986, 6711292)
05.12 12:01:05:443 detected ID:b86b15r первая засечка
05.12 12:01:05:555 Обнаружена цель ID:620ae6s (5953963, 3661935)
05.12 12:01:05:586 detected ID:00b584r первая засечка
05.12 12:01:05:635 Обнаружена цель ID:382821b (5501193, 5409008)
05.12 12:01:05:727 Обнаружена цель ID:600629b (4814682, 1455239)
05.12 12:01:05:730 detected ID:389cadb первая засечка
05.12 12:01:05:859 Обнаружена цель ID:963400b (5721847, 5279271)
05.12 12:01:06:052 Обнаружена цель ID:4d19bcs (4973093, 5577897)
05.12 12:01:06:189 Обнаружена цель ID:316a67b (4306725, 4528980)
05.12 12:01:06:310 Обнаружена цель ID:1923dbs (2334054, 4244902)
05.12 12:01:06:549 Обнаружена цель ID:4515bcs (3218067, 4707786)
05.12 12:01:06:738 Обнаружена цель ID:84d2a2s (5398965, 1075186)
05.12 12:01:07:810 detected ID:07d2fdb первая засечка
05.12 12:01:07:986 detected ID:6abc0er первая засечка
05.12 12:01:08:325 detected ID:620ae6s первая засечка
05.12 12:01:08:516 detected ID:382821b первая засечка
05.12 12:01:08:722 detected ID:600629b первая засечка
05.12 12:01:08:937 detected ID:963400b первая засечка
05.12 12:01:09:175 detected ID:4d19bcs первая засечка
05.12 12:01:09:429 detected ID:316a67b первая засечка
05.12 12:01:09:454 2-я засечка ID:620ae6s скорость:150 м/с тип:Самолет (5953889, 3661805)
05.12 12:01:09:619 detected ID:1923dbs первая засечка
05.12 12:01:09:621 2-я засечка ID:2ed6bcr скорость:657 м/с тип:К.ракета (4438534, 4324172)
05.12 12:01:09:779 detected ID:4515bcs первая засечка
05.12 12:01:09:805 2-я засечка ID:171f90r скорость:555 м/с тип:К.ракета (5307448, 3375624)
05.12 12:01:09:984 detected ID:84d2a2s первая засечка
05.12 12:01:10:022 2-я засечка ID:4d19bcs скорость:278 м/с тип:К.ракета (4973279, 5577691)
05.12 12:01:10:175 2-я засечка ID:1923dbs скорость:224 м/с тип:Самолет (2334162, 4244706)
05.12 12:01:10:316 2-я засечка ID:4515bcs скорость:448 м/с тип:К.ракета (3218201, 4707358)
05.12 12:01:10:415 2-я засечка ID:84d2a2s скорость:379 м/с тип:К.ракета (5398895, 1075558)
05.12 12:01:11:243 pong ID: работоспособна
05.12 12:01:13:104 detected ID:620ae6s 2-я засечка, скорость 150 м/с, тип Самолет
05.12 12:01:13:355 detected ID:2ed6bcr 2-я засечка, скорость 657 м/с, тип К.ракета
05.12 12:01:13:536 detected ID:171f90r 2-я засечка, скорость 555 м/с, тип К.ракета
05.12 12:01:13:720 detected ID:4d19bcs 2-я засечка, скорость 278 м/с, тип К.ракета
05.12 12:01:13:894 detected ID:1923dbs 2-я засечка, скорость 224 м/с, тип Самолет
05.12 12:01:14:065 detected ID:4515bcs 2-я засечка, скорость 448 м/с, тип К.ракета
05.12 12:01:14:235 detected ID:84d2a2s 2-я засечка, скорость 379 м/с, тип К.ракета
05.12 12:01:18:191 Обнаружена цель ID:cb6b9cs (5274088, 5126638)
05.12 12:01:18:726 detected ID:cb6b9cs первая засечка
05.12 12:01:20:421 pong ID: работоспособна
05.12 12:01:24:404 2-я засечка ID:cb6b9cs скорость:373 м/с тип:К.ракета (5274176, 5126276)
05.12 12:01:24:834 detected ID:cb6b9cs 2-я засечка, скорость 373 м/с, тип К.ракета
05.12 12:01:24:917 Обнаружена цель ID:d18021b (3223038, 6403703)
05.12 12:01:25:532 detected ID:d18021b первая засечка
05.12 12:01:26:919 pong ID: работоспособна
05.12 12:01:33:652 Обнаружена цель ID:0e961db (6170940, 3510436)
05.12 12:01:34:098 2-я засечка ID:00b584r скорость:8476 м/с тип:Бал.блок (2219268, 3618964)
05.12 12:01:34:478 detected ID:0e961db первая засечка
05.12 12:01:34:671 detected ID:00b584r 2-я засечка, скорость 8476 м/с, тип Бал.блок
05.12 12:01:45:606 pong ID: работоспособна
05.12 12:01:57:584 Обнаружена цель ID:5259efb (2804576, 1868640)
05.12 12:01:58:250 detected ID:5259efb первая засечка
05.12 12:01:58:937 pong ID: работоспособна
05.12 12:02:16:480 pong ID: работоспособна
05.12 13:19:44:991 [RLS1] Запуск. Тип: Воронеж-ДМ, X=6150000 Y=3700000, Азимут=270°, Угол=200°
05.12 13:19:45:598 Обнаружена цель ID:12d750b (3108252, 4358085)
05.12 13:19:46:215 detected ID:12d750b первая засечка
05.12 13:19:47:227 Обнаружена цель ID:f97a4ds (5736150, 957160)
05.12 13:19:47:410 Обнаружена цель ID:e335b8r (5355914, 7003463)
05.12 13:19:47:496 Обнаружена цель ID:227c09r (3679274, 5034379)
05.12 13:19:47:601 Обнаружена цель ID:ee63e2b (3785857, 5678966)
05.12 13:19:47:689 Обнаружена цель ID:bc398cr (3139356, 3874150)
05.12 13:19:47:762 Обнаружена цель ID:4f22d4b (5820176, 3910390)
05.12 13:19:47:831 Обнаружена цель ID:5cb421b (3738938, 4989462)
05.12 13:19:47:921 Обнаружена цель ID:f1085es (6149162, 4766000)
05.12 13:19:48:046 Обнаружена цель ID:97eda9s (3214021, 1809063)
05.12 13:19:48:183 Обнаружена цель ID:9eaa21s (6002035, 2884130)
05.12 13:19:48:314 Обнаружена цель ID:c46577s (4343005, 7092912)
05.12 13:19:48:369 detected ID:f97a4ds первая засечка
05.12 13:19:48:443 Обнаружена цель ID:1947cds (2478029, 3761789)
05.12 13:19:48:587 Обнаружена цель ID:02cb55r (6190684, 3290304)
05.12 13:19:48:741 Обнаружена цель ID:c1b50fs (5776029, 7024833)
05.12 13:19:48:768 detected ID:e335b8r первая засечка
05.12 13:19:48:921 Обнаружена цель ID:82c052r (5269045, 4517612)
05.12 13:19:48:961 detected ID:227c09r первая засечка
05.12 13:19:49:067 Обнаружена цель ID:5d3db9b (5232860, 6755692)
05.12 13:19:49:204 Обнаружена цель ID:79d2d0r (6026755, 6198372)
05.12 13:19:49:359 detected ID:ee63e2b первая засечка
05.12 13:19:49:451 Обнаружена цель ID:256a96b (5504698, 1592459)
05.12 13:19:49:602 Обнаружена цель ID:827d82b (4119368, 7033602)
05.12 13:19:49:793 detected ID:bc398cr первая засечка
05.12 13:19:50:081 detected ID:4f22d4b первая засечка
05.12 13:19:50:393 detected ID:5cb421b первая засечка
05.12 13:19:51:091 detected ID:f1085es первая засечка
05.12 13:19:51:740 detected ID:97eda9s первая засечка
05.12 13:19:51:889 detected ID:9eaa21s первая засечка
05.12 13:19:52:162 2-я засечка ID:f97a4ds скорость:439 м/с тип:К.ракета (5736450, 957480)
05.12 13:19:52:279 detected ID:c46577s первая засечка
05.12 13:19:52:378 2-я засечка ID:227c09r скорость:935 м/с тип:К.ракета (3679822, 5035137)
05.12 13:19:52:463 detected ID:1947cds первая засечка
05.12 13:19:52:636 detected ID:02cb55r первая засечка
05.12 13:19:52:666 2-я засечка ID:f1085es скорость:324 м/с тип:К.ракета (6149486, 4766000)
05.12 13:19:52:810 2-я засечка ID:97eda9s скорость:133 м/с тип:Самолет (3214063, 1809189)
05.12 13:19:52:884 detected ID:c1b50fs первая засечка
05.12 13:19:52:949 2-я засечка ID:9eaa21s скорость:269 м/с тип:К.ракета (6002105, 2884390)
05.12 13:19:53:072 2-я засечка ID:c46577s скорость:176 м/с тип:Самолет (4343015, 7092736)
05.12 13:19:53:081 detected ID:82c052r первая засечка
05.12 13:19:53:249 2-я засечка ID:1947cds скорость:426 м/с тип:К.ракета (2478087, 3761367)
05.12 13:19:53:293 detected ID:5d3db9b первая засечка
05.12 13:19:53:403 2-я засечка ID:02cb55r скорость:877 м/с тип:К.ракета (6190052, 3290912)
05.12 13:19:53:507 detected ID:79d2d0r первая засечка
05.12 13:19:53:533 2-я засечка ID:c1b50fs скорость:339 м/с тип:К.ракета (5776087, 7024499)
05.12 13:19:53:702 2-я засечка ID:82c052r скорость:781 м/с тип:К.ракета (5269135, 4516836)
05.12 13:19:54:097 detected ID:256a96b первая засечка
05.12 13:19:54:252 detected ID:827d82b первая засечка
05.12 13:19:54:940 pong ID: работоспособна
05.12 13:19:55:669 detected ID:f97a4ds 2-я засечка, скорость 439 м/с, тип К.ракета
05.12 13:19:55:907 detected ID:227c09r 2-я засечка, скорость 935 м/с, тип К.ракета
05.12 13:19:56:102 detected ID:f1085es 2-я засечка, скорость 324 м/с, тип К.ракета
05.12 13:19:56:279 detected ID:97eda9s 2-я засечка, скорость 133 м/с, тип Самолет
05.12 13:19:56:475 detected ID:9eaa21s 2-я засечка, скорость 269 м/с, тип К.ракета
05.12 13:19:56:654 detected ID:c46577s 2-я засечка, скорость 176 м/с, тип Самолет
05.12 13:19:56:869 detected ID:1947cds 2-я засечка, скорость 426 м/с, тип К.ракета
05.12 13:19:57:121 detected ID:02cb55r 2-я засечка, скорость 877 м/с, тип К.ракета
05.12 13:19:57:374 detected ID:c1b50fs 2-я засечка, скорость 339 м/с, тип К.ракета
05.12 13:19:57:562 detected ID:82c052r 2-я засечка, скорость 781 м/с, тип К.ракета
05.12 13:19:59:658 pong ID: работоспособна
05.12 13:20:03:252 Обнаружена цель ID:428a79b (3157072, 4599221)
05.12 13:20:03:577 Обнаружена цель ID:f5ee8fb (4574982, 4023414)
05.12 13:20:04:049 detected ID:428a79b первая засечка
05.12 13:20:04:217 detected ID:f5ee8fb первая засечка
