05.12 12:01:03:285 [SPRO] Запуск. X=3200000 Y=3800000, Радиус=1200000, БК=10
05.12 12:01:03:643 Обнаружена цель ID:389cadb в зоне СПРО (2309762, 3933822)
05.12 12:01:05:884 detected ID:389cadb первая засечка в зоне СПРО
05.12 12:01:07:363 2-я засечка ID:389cadb скорость:9210 м/с
05.12 12:01:07:378 [SPRO] Выстрел по цели ID:389cadb. Осталось ракет: 9
05.12 12:01:10:865 shot ID:389cadb выстрел, осталось 9
05.12 12:01:12:691 pong ID: работоспособна, БК=9
05.12 12:01:18:049 pong ID: работоспособна, БК=9
05.12 12:01:31:327 pong ID: работоспособна, БК=9
05.12 12:01:40:418 pong ID: работоспособна, БК=9
05.12 12:01:51:693 pong ID: работоспособна, БК=9
05.12 12:02:07:053 pong ID: работоспособна, БК=9
05.12 13:19:45:485 [SPRO] Запуск. X=3200000 Y=3800000, Радиус=1200000, БК=10
05.12 13:19:45:541 Обнаружена цель ID:12d750b в зоне СПРО (3108252, 4358085)
05.12 13:19:46:439 detected ID:12d750b первая засечка в зоне СПРО
05.12 13:19:49:419 2-я засечка ID:12d750b скорость:9605 м/с
05.12 13:19:49:444 [SPRO] Выстрел по цели ID:12d750b. Осталось ракет: 9
05.12 13:19:51:516 pong ID: работоспособна, БК=10
05.12 13:19:53:910 shot ID:12d750b выстрел, осталось 9
05.12 13:19:59:779 Обнаружена цель ID:428a79b в зоне СПРО (3157024, 4616407)
05.12 13:20:00:346 detected ID:428a79b первая засечка в зоне СПРО
05.12 13:20:01:268 pong ID: работоспособна, БК=9
05.12 13:20:05:174 2-я засечка ID:428a79b скорость:17186 м/с
05.12 13:20:05:193 [SPRO] Выстрел по цели ID:428a79b. Осталось ракет: 8
05.12 13:20:05:914 shot ID:428a79b выстрел, осталось 8
