05.03 19:09:49:028 [ZRDN3] Запуск. X=11000000 Y=5000000, Радиус=600000, БК=20
05.03 19:09:49:619 Обнаружена цель ID:5d4547s в зоне (11394979, 4712819)
05.03 19:09:50:842 detected ID:5d4547s первая засечка в зоне ЗРДН
05.03 19:09:51:120 pong ID: работоспособен, БК=20
05.03 19:09:51:755 2-я засечка ID:5d4547s скорость:182 м/с
05.03 19:09:51:774 [ZRDN3] Выстрел по цели ID:5d4547s. Осталось ракет: 19
05.03 19:09:52:894 shot ID:5d4547s выстрел, осталось 19
05.03 19:10:03:496 pong ID: работоспособен, БК=19
05.03 19:10:11:912 pong ID: работоспособен, БК=19
05.03 19:10:24:553 pong ID: работоспособен, БК=19
05.03 19:10:42:384 pong ID: работоспособен, БК=19
05.03 19:11:04:584 [ZRDN3] Цель ID:5d4547s УНИЧТОЖЕНА
05.03 19:11:04:901 hit ID:5d4547s цель уничтожена
05.03 19:11:05:522 pong ID: работоспособен, БК=19
05.03 19:11:28:341 pong ID: работоспособен, БК=19
05.03 19:11:51:143 pong ID: работоспособен, БК=19
05.03 19:12:15:265 pong ID: работоспособен, БК=19
05.03 19:12:37:624 pong ID: работоспособен, БК=19
05.03 19:13:00:618 pong ID: работоспособен, БК=19
05.03 19:13:23:670 pong ID: работоспособен, БК=19
05.03 19:13:46:062 pong ID: работоспособен, БК=19
05.03 19:14:08:649 pong ID: работоспособен, БК=19
05.03 19:14:30:675 Обнаружена цель ID:bb6a7er в зоне (11159506, 4891861)
05.03 19:14:31:270 detected ID:bb6a7er первая засечка в зоне ЗРДН
05.03 19:14:31:350 pong ID: работоспособен, БК=19
05.03 19:14:54:199 2-я засечка ID:bb6a7er скорость:7730 м/с
05.03 19:14:54:215 [ZRDN3] Выстрел по цели ID:bb6a7er. Осталось ракет: 18
05.03 19:14:54:476 shot ID:bb6a7er выстрел, осталось 18
05.03 19:14:55:073 pong ID: работоспособен, БК=18
05.03 19:15:16:843 pong ID: работоспособен, БК=18
05.03 19:15:40:390 pong ID: работоспособен, БК=18
05.03 19:16:04:922 pong ID: работоспособен, БК=18
05.03 19:16:27:618 [ZRDN3] Цель ID:bb6a7er УНИЧТОЖЕНА
05.03 19:16:28:185 hit ID:bb6a7er цель уничтожена
05.03 19:16:28:275 pong ID: работоспособен, БК=18
05.03 19:16:50:491 pong ID: работоспособен, БК=18
05.03 19:17:12:747 pong ID: работоспособен, БК=18
05.03 19:17:38:828 pong ID: работоспособен, БК=18
05.03 19:18:01:667 pong ID: работоспособен, БК=18
05.03 19:18:24:948 pong ID: работоспособен, БК=18
05.03 19:18:47:654 pong ID: работоспособен, БК=18
05.03 19:19:11:410 pong ID: работоспособен, БК=18
05.03 19:19:34:824 pong ID: работоспособен, БК=18
05.03 19:19:57:770 pong ID: работоспособен, БК=18
05.03 19:20:22:374 pong ID: работоспособен, БК=18
05.03 19:20:45:651 pong ID: работоспособен, БК=18
05.03 19:21:09:484 pong ID: работоспособен, БК=18
05.03 19:21:31:858 pong ID: работоспособен, БК=18
05.03 19:21:53:941 pong ID: работоспособен, БК=18
05.03 19:22:16:515 Обнаружена цель ID:ed6192r в зоне (10895756, 4856890)
05.03 19:22:16:718 detected ID:ed6192r первая засечка в зоне ЗРДН
05.03 19:22:17:318 pong ID: работоспособен, БК=18
05.03 19:22:39:270 2-я засечка ID:ed6192r скорость:6648 м/с
05.03 19:22:39:286 [ZRDN3] Выстрел по цели ID:ed6192r. Осталось ракет: 17
05.03 19:22:39:544 shot ID:ed6192r выстрел, осталось 17
05.03 19:22:40:769 pong ID: работоспособен, БК=17
05.03 19:23:02:893 pong ID: работоспособен, БК=17
05.03 19:23:25:395 [ZRDN3] Цель ID:ed6192r УНИЧТОЖЕНА
05.03 19:23:25:593 hit ID:ed6192r цель уничтожена
05.03 19:23:26:223 pong ID: работоспособен, БК=17
05.03 19:23:49:253 pong ID: работоспособен, БК=17
05.03 19:24:13:670 pong ID: работоспособен, БК=17
05.03 19:24:38:965 pong ID: работоспособен, БК=17
05.03 19:25:03:877 pong ID: работоспособен, БК=17
05.03 19:25:27:675 pong ID: работоспособен, БК=17
05.03 19:25:51:320 pong ID: работоспособен, БК=17
05.03 19:26:14:578 pong ID: работоспособен, БК=17
05.03 19:26:36:621 pong ID: работоспособен, БК=17
05.03 19:27:01:216 pong ID: работоспособен, БК=17
05.03 19:27:28:379 pong ID: работоспособен, БК=17
05.03 19:27:54:888 pong ID: работоспособен, БК=17
05.03 19:28:19:664 pong ID: работоспособен, БК=17
05.03 19:28:42:789 pong ID: работоспособен, БК=17
05.03 19:29:07:922 pong ID: работоспособен, БК=17
05.03 19:29:32:449 pong ID: работоспособен, БК=17
05.03 19:29:53:665 pong ID: работоспособен, БК=17
05.03 19:30:17:999 pong ID: работоспособен, БК=17
05.03 19:30:43:199 pong ID: работоспособен, БК=17
05.03 19:31:04:779 pong ID: работоспособен, БК=17
05.03 19:31:26:802 pong ID: работоспособен, БК=17
05.03 19:31:48:632 pong ID: работоспособен, БК=17
05.03 19:32:12:293 pong ID: работоспособен, БК=17
05.03 19:32:36:433 pong ID: работоспособен, БК=17
05.03 19:32:57:803 pong ID: работоспособен, БК=17
05.03 19:33:21:635 pong ID: работоспособен, БК=17
05.03 19:35:21:138 [ZRDN3] Запуск. X=11000000 Y=5000000, Радиус=600000, БК=20
05.03 19:35:22:066 Обнаружена цель ID:d9d5dbs в зоне (10840991, 4571939)
05.03 19:35:22:544 detected ID:d9d5dbs первая засечка в зоне ЗРДН
05.03 19:35:22:844 pong ID: работоспособен, БК=20
05.03 19:35:24:597 2-я засечка ID:d9d5dbs скорость:62 м/с
05.03 19:35:24:616 [ZRDN3] Выстрел по цели ID:d9d5dbs. Осталось ракет: 19
05.03 19:35:25:758 shot ID:d9d5dbs выстрел, осталось 19
05.03 19:35:32:493 pong ID: работоспособен, БК=19
05.03 19:35:47:066 pong ID: работоспособен, БК=19
05.03 19:35:58:944 pong ID: работоспособен, БК=19
05.03 19:36:14:617 pong ID: работоспособен, БК=19
05.03 19:36:35:608 [ZRDN3] Цель ID:d9d5dbs УНИЧТОЖЕНА
05.03 19:36:35:871 hit ID:d9d5dbs цель уничтожена
05.03 19:36:36:670 pong ID: работоспособен, БК=19
05.03 19:36:59:800 pong ID: работоспособен, БК=19
05.03 19:37:23:844 pong ID: работоспособен, БК=19
05.03 19:37:48:051 pong ID: работоспособен, БК=19
05.03 19:38:12:317 pong ID: работоспособен, БК=19
05.03 19:38:40:437 pong ID: работоспособен, БК=19
05.03 19:39:03:844 pong ID: работоспособен, БК=19
05.03 19:39:26:484 pong ID: работоспособен, БК=19
05.03 19:39:49:758 pong ID: работоспособен, БК=19
05.03 19:40:14:369 pong ID: работоспособен, БК=19
