05.03 19:09:49:030 [ZRDN2] Запуск. X=9200000 Y=4650000, Радиус=500000, БК=20
05.03 19:09:49:552 Обнаружена цель ID:d3121as в зоне (9232882, 4508847)
05.03 19:09:50:693 detected ID:d3121as первая засечка в зоне ЗРДН
05.03 19:09:51:052 pong ID: работоспособен, БК=20
05.03 19:09:51:673 2-я засечка ID:d3121as скорость:193 м/с
05.03 19:09:51:695 [ZRDN2] Выстрел по цели ID:d3121as. Осталось ракет: 19
05.03 19:09:52:822 shot ID:d3121as выстрел, осталось 19
05.03 19:10:03:613 pong ID: работоспособен, БК=19
05.03 19:10:12:008 pong ID: работоспособен, БК=19
05.03 19:10:24:456 pong ID: работоспособен, БК=19
05.03 19:10:41:779 pong ID: работоспособен, БК=19
05.03 19:11:04:414 [ZRDN2] Цель ID:d3121as УНИЧТОЖЕНА
05.03 19:11:04:729 hit ID:d3121as цель уничтожена
05.03 19:11:04:818 pong ID: работоспособен, БК=19
05.03 19:11:27:736 pong ID: работоспособен, БК=19
05.03 19:11:50:532 pong ID: работоспособен, БК=19
05.03 19:12:14:648 pong ID: работоспособен, БК=19
05.03 19:12:37:037 pong ID: работоспособен, БК=19
05.03 19:13:00:519 pong ID: работоспособен, БК=19
05.03 19:13:23:069 pong ID: работоспособен, БК=19
05.03 19:13:45:472 pong ID: работоспособен, БК=19
05.03 19:14:08:061 pong ID: работоспособен, БК=19
05.03 19:14:30:675 pong ID: работоспособен, БК=19
05.03 19:14:54:384 pong ID: работоспособен, БК=19
05.03 19:15:16:236 pong ID: работоспособен, БК=19
05.03 19:15:39:321 pong ID: работоспособен, БК=19
05.03 19:16:04:311 pong ID: работоспособен, БК=19
05.03 19:16:27:589 pong ID: работоспособен, БК=19
05.03 19:16:50:387 pong ID: работоспособен, БК=19
05.03 19:17:12:128 pong ID: работоспособен, БК=19
05.03 19:17:37:694 pong ID: работоспособен, БК=19
05.03 19:18:00:864 pong ID: работоспособен, БК=19
05.03 19:18:23:506 pong ID: работоспособен, БК=19
05.03 19:18:45:949 pong ID: работоспособен, БК=19
05.03 19:19:09:225 Обнаружена цель ID:80d873s в зоне (9059888, 4602609)
05.03 19:19:10:451 detected ID:80d873s первая засечка в зоне ЗРДН
05.03 19:19:10:665 pong ID: работоспособен, БК=19
05.03 19:19:32:757 2-я засечка ID:80d873s скорость:1150 м/с
05.03 19:19:32:774 [ZRDN2] Выстрел по цели ID:80d873s. Осталось ракет: 18
05.03 19:19:32:981 shot ID:80d873s выстрел, осталось 18
05.03 19:19:33:582 pong ID: работоспособен, БК=18
05.03 19:19:56:554 pong ID: работоспособен, БК=18
05.03 19:20:20:649 pong ID: работоспособен, БК=18
05.03 19:20:43:747 [ZRDN2] Цель ID:80d873s УНИЧТОЖЕНА
05.03 19:20:44:333 hit ID:80d873s цель уничтожена
05.03 19:20:44:439 pong ID: работоспособен, БК=18
05.03 19:21:08:254 pong ID: работоспособен, БК=18
05.03 19:21:29:316 Обнаружена цель ID:b1e9b6r в зоне (8765505, 4887182)
05.03 19:21:30:658 detected ID:b1e9b6r первая засечка в зоне ЗРДН
05.03 19:21:30:759 pong ID: работоспособен, БК=18
05.03 19:21:51:910 2-я засечка ID:b1e9b6r скорость:7329 м/с
05.03 19:21:51:928 [ZRDN2] Выстрел по цели ID:b1e9b6r. Осталось ракет: 17
05.03 19:21:52:240 shot ID:b1e9b6r выстрел, осталось 17
05.03 19:21:52:833 pong ID: работоспособен, БК=17
05.03 19:22:15:584 pong ID: работоспособен, БК=17
05.03 19:22:38:410 pong ID: работоспособен, БК=17
05.03 19:23:00:743 pong ID: работоспособен, БК=17
05.03 19:23:23:674 Обнаружена цель ID:d3567cs в зоне (9138240, 4679248)
05.03 19:23:23:806 [ZRDN2] Цель ID:b1e9b6r УНИЧТОЖЕНА
05.03 19:23:24:269 detected ID:d3567cs первая засечка в зоне ЗРДН
05.03 19:23:24:366 hit ID:b1e9b6r цель уничтожена
05.03 19:23:24:476 pong ID: работоспособен, БК=17
05.03 19:23:47:342 2-я засечка ID:d3567cs скорость:2374 м/с
05.03 19:23:47:358 [ZRDN2] Выстрел по цели ID:d3567cs. Осталось ракет: 16
05.03 19:23:47:546 shot ID:d3567cs выстрел, осталось 16
05.03 19:23:48:150 pong ID: работоспособен, БК=16
05.03 19:24:12:042 pong ID: работоспособен, БК=16
05.03 19:24:37:810 pong ID: работоспособен, БК=16
05.03 19:25:02:314 [ZRDN2] Цель ID:d3567cs УНИЧТОЖЕНА
05.03 19:25:02:654 hit ID:d3567cs цель уничтожена
05.03 19:25:03:264 pong ID: работоспособен, БК=16
05.03 19:25:27:072 pong ID: работоспособен, БК=16
05.03 19:25:50:709 pong ID: работоспособен, БК=16
05.03 19:26:13:979 pong ID: работоспособен, БК=16
05.03 19:26:35:934 pong ID: работоспособен, БК=16
05.03 19:26:59:582 pong ID: работоспособен, БК=16
05.03 19:27:27:615 pong ID: работоспособен, БК=16
05.03 19:27:54:175 pong ID: работоспособен, БК=16
05.03 19:28:19:453 pong ID: работоспособен, БК=16
05.03 19:28:42:074 pong ID: работоспособен, БК=16
05.03 19:29:07:317 pong ID: работоспособен, БК=16
05.03 19:29:31:851 pong ID: работоспособен, БК=16
05.03 19:29:52:986 pong ID: работоспособен, БК=16
05.03 19:30:17:205 pong ID: работоспособен, БК=16
05.03 19:30:42:590 pong ID: работоспособен, БК=16
05.03 19:31:04:185 pong ID: работоспособен, БК=16
05.03 19:31:25:614 pong ID: работоспособен, БК=16
05.03 19:31:47:880 pong ID: работоспособен, БК=16
05.03 19:32:10:879 pong ID: работоспособен, БК=16
05.03 19:32:34:866 pong ID: работоспособен, БК=16
05.03 19:32:56:574 pong ID: работоспособен, БК=16
05.03 19:33:20:523 pong ID: работоспособен, БК=16
05.03 19:35:21:138 [ZRDN2] Запуск. X=9200000 Y=4650000, Радиус=500000, БК=20
05.03 19:35:22:102 Обнаружена цель ID:707903s в зоне (9136861, 5140864)
05.03 19:35:22:623 detected ID:707903s первая засечка в зоне ЗРДН
05.03 19:35:22:769 pong ID: работоспособен, БК=20
05.03 19:35:24:622 2-я засечка ID:707903s скорость:194 м/с
05.03 19:35:24:643 [ZRDN2] Выстрел по цели ID:707903s. Осталось ракет: 19
05.03 19:35:25:846 shot ID:707903s выстрел, осталось 19
05.03 19:35:32:331 pong ID: работоспособен, БК=19
05.03 19:35:47:144 pong ID: работоспособен, БК=19
05.03 19:35:58:871 pong ID: работоспособен, БК=19
05.03 19:36:14:530 pong ID: работоспособен, БК=19
05.03 19:36:35:678 [ZRDN2] Цель ID:707903s УНИЧТОЖЕНА
05.03 19:36:35:976 hit ID:707903s цель уничтожена
05.03 19:36:36:753 pong ID: работоспособен, БК=19
05.03 19:36:59:879 pong ID: работоспособен, БК=19
05.03 19:37:23:918 pong ID: работоспособен, БК=19
05.03 19:37:48:179 pong ID: работоспособен, БК=19
05.03 19:38:12:416 pong ID: работоспособен, БК=19
05.03 19:38:41:048 pong ID: работоспособен, БК=19
05.03 19:39:03:938 pong ID: работоспособен, БК=19
05.03 19:39:25:800 Обнаружена цель ID:0af120r в зоне (8817573, 4676029)
05.03 19:39:26:405 detected ID:0af120r первая засечка в зоне ЗРДН
05.03 19:39:26:563 pong ID: работоспособен, БК=19
05.03 19:39:48:922 2-я засечка ID:0af120r скорость:5136 м/с
05.03 19:39:48:946 [ZRDN2] Выстрел по цели ID:0af120r. Осталось ракет: 18
05.03 19:39:49:151 shot ID:0af120r выстрел, осталось 18
05.03 19:39:49:852 pong ID: работоспособен, БК=18
05.03 19:40:14:972 pong ID: работоспособен, БК=18
